[    8940ms] [ERROR] Failed to load resource: the server responded with a status of 500 (Internal Server Error) @ http://localhost:3000/render-test:0
[    9525ms] [INFO] %cDownload the React DevTools for a better development experience: https://react.dev/link/react-devtools font-weight:bold @ http://localhost:3000/_next/static/chunks/node_modules_react-dom_0kla17-._.js:15093
[    9798ms] Error: ./src/app/globals.css
Error: Error evaluating Node.js code
Error: Node.js subprocess crashed while evaluating loaders [postcss]: failed to receive message

Caused by:
- Node.js process exited with exit code: 0xc0000409
- reading packet length
- An existing connection was forcibly closed by the remote host. (os error 10054)

Import trace:
  Client Component Browser:
    ./src/app/globals.css [Client Component Browser]
    ./src/app/layout.tsx [Server Component]


    at Object.getCompilationErrors (file://G:\BizzOne\Fast 2 you\node_modules\next\dist\server\dev\hot-reloader-turbopack.js:1417:59)
    at DevBundlerService.getCompilationError (file://G:\BizzOne\Fast 2 you\node_modules\next\dist\server\lib\dev-bundler-service.js:59:55)
    at DevServer.getCompilationError (file://G:\BizzOne\Fast 2 you\node_modules\next\dist\server\dev\next-dev-server.js:754:42)
    at DevServer.findPageComponents (file://G:\BizzOne\Fast 2 you\node_modules\next\dist\server\dev\next-dev-server.js:724:43)
    at async DevServer.renderErrorToResponseImpl (file://G:\BizzOne\Fast 2 you\node_modules\next\dist\server\base-server.js:1828:26)
[    9754ms] [LOG] [HMR] connected @ http://localhost:3000/_next/static/chunks/node_modules_next_dist_1gdrd03._.js:756
[    9770ms] [ERROR] ./src/app/globals.css
Error: Error evaluating Node.js code
Error: Node.js subprocess crashed while evaluating loaders [postcss]: failed to receive message

Caused by:
- Node.js process exited with exit code: 0xc0000409
- reading packet length
- An existing connection was forcibly closed by the remote host. (os error 10054)

Import trace:
  Client Component Browser:
    ./src/app/globals.css [Client Component Browser]
    ./src/app/layout.tsx [Server Component] @ http://localhost:3000/_next/static/chunks/node_modules_next_dist_1gdrd03._.js:1817
[    9771ms] [ERROR] ./src/app/page.tsx:5:1
Error: Module not found: Can't resolve '@/components/product-card'
  3 | import { Button } from "@/components/ui/button";
  4 | import { TierCalculator } from "@/components/tier-calculator";
> 5 | import { ProductCard } from "@/components/product-card";
    | ^^^^^^^^^^^^^^^^^^^^^^^^^^^^^^^^^^^^^^^^^^^^^^^^^^^^^^^^
  6 | import { WhatsAppIcon } from "@/components/whatsapp-button";
  7 | import { categories, products, slug, stockByCategory } from "@/lib/catalog";
  8 | import { site, whatsappLink } from "@/lib/site";

Import map: aliased to relative './src/components/product-card' inside of [project]/

https://nextjs.org/docs/messages/module-not-found @ http://localhost:3000/_next/static/chunks/node_modules_next_dist_1gdrd03._.js:1817
[    9772ms] [ERROR] ./src/app/page.tsx:4:1
Error: Module not found: Can't resolve '@/components/tier-calculator'
  2 | import { ArrowUpRight, ShieldCheck, Truck, UserRound, Boxes } from "lucide-react";
  3 | import { Button } from "@/components/ui/button";
> 4 | import { TierCalculator } from "@/components/tier-calculator";
    | ^^^^^^^^^^^^^^^^^^^^^^^^^^^^^^^^^^^^^^^^^^^^^^^^^^^^^^^^^^^^^^
  5 | import { ProductCard } from "@/components/product-card";
  6 | import { WhatsAppIcon } from "@/components/whatsapp-button";
  7 | import { categories, products, slug, stockByCategory } from "@/lib/catalog";

Import map: aliased to relative './src/components/tier-calculator' inside of [project]/

https://nextjs.org/docs/messages/module-not-found @ http://localhost:3000/_next/static/chunks/node_modules_next_dist_1gdrd03._.js:1817
[    9772ms] [ERROR] ./src/app/globals.css
Error: Error evaluating Node.js code
Error: Node.js subprocess crashed while evaluating loaders [postcss]: failed to receive message

Caused by:
- Node.js process exited with exit code: 0xc0000409
- reading packet length
- An existing connection was forcibly closed by the remote host. (os error 10054)

Import trace:
  Client Component Browser:
    ./src/app/globals.css [Client Component Browser]
    ./src/app/layout.tsx [Server Component] @ http://localhost:3000/_next/static/chunks/node_modules_next_dist_1gdrd03._.js:1817
[    9981ms] [ERROR] ./src/app/globals.css
Error: Error evaluating Node.js code
Error: Node.js subprocess crashed while evaluating loaders [postcss]: failed to receive message

Caused by:
- Node.js process exited with exit code: 0xc0000409
- reading packet length
- An existing connection was forcibly closed by the remote host. (os error 10054)

Import trace:
  Client Component Browser:
    ./src/app/globals.css [Client Component Browser]
    ./src/app/layout.tsx [Server Component] @ http://localhost:3000/_next/static/chunks/node_modules_next_dist_1gdrd03._.js:1817
[    9982ms] [ERROR] ./src/app/page.tsx:5:1
Error: Module not found: Can't resolve '@/components/product-card'
  3 | import { Button } from "@/components/ui/button";
  4 | import { TierCalculator } from "@/components/tier-calculator";
> 5 | import { ProductCard } from "@/components/product-card";
    | ^^^^^^^^^^^^^^^^^^^^^^^^^^^^^^^^^^^^^^^^^^^^^^^^^^^^^^^^
  6 | import { WhatsAppIcon } from "@/components/whatsapp-button";
  7 | import { categories, products, slug, stockByCategory } from "@/lib/catalog";
  8 | import { site, whatsappLink } from "@/lib/site";

Import map: aliased to relative './src/components/product-card' inside of [project]/

https://nextjs.org/docs/messages/module-not-found @ http://localhost:3000/_next/static/chunks/node_modules_next_dist_1gdrd03._.js:1817
[    9984ms] [ERROR] ./src/app/page.tsx:4:1
Error: Module not found: Can't resolve '@/components/tier-calculator'
  2 | import { ArrowUpRight, ShieldCheck, Truck, UserRound, Boxes } from "lucide-react";
  3 | import { Button } from "@/components/ui/button";
> 4 | import { TierCalculator } from "@/components/tier-calculator";
    | ^^^^^^^^^^^^^^^^^^^^^^^^^^^^^^^^^^^^^^^^^^^^^^^^^^^^^^^^^^^^^^
  5 | import { ProductCard } from "@/components/product-card";
  6 | import { WhatsAppIcon } from "@/components/whatsapp-button";
  7 | import { categories, products, slug, stockByCategory } from "@/lib/catalog";

Import map: aliased to relative './src/components/tier-calculator' inside of [project]/

https://nextjs.org/docs/messages/module-not-found @ http://localhost:3000/_next/static/chunks/node_modules_next_dist_1gdrd03._.js:1817
[   10062ms] [ERROR] ./src/app/globals.css
Error: Error evaluating Node.js code
Error: Node.js subprocess crashed while evaluating loaders [postcss]: failed to receive message

Caused by:
- Node.js process exited with exit code: 0xc0000409
- reading packet length
- An existing connection was forcibly closed by the remote host. (os error 10054)

Import trace:
  Client Component Browser:
    ./src/app/globals.css [Client Component Browser]
    ./src/app/layout.tsx [Server Component] @ http://localhost:3000/_next/static/chunks/node_modules_next_dist_1gdrd03._.js:1817
[   10063ms] [ERROR] ./src/app/page.tsx:5:1
Error: Module not found: Can't resolve '@/components/product-card'
  3 | import { Button } from "@/components/ui/button";
  4 | import { TierCalculator } from "@/components/tier-calculator";
> 5 | import { ProductCard } from "@/components/product-card";
    | ^^^^^^^^^^^^^^^^^^^^^^^^^^^^^^^^^^^^^^^^^^^^^^^^^^^^^^^^
  6 | import { WhatsAppIcon } from "@/components/whatsapp-button";
  7 | import { categories, products, slug, stockByCategory } from "@/lib/catalog";
  8 | import { site, whatsappLink } from "@/lib/site";

Import map: aliased to relative './src/components/product-card' inside of [project]/

https://nextjs.org/docs/messages/module-not-found @ http://localhost:3000/_next/static/chunks/node_modules_next_dist_1gdrd03._.js:1817
[   10063ms] [ERROR] ./src/app/page.tsx:4:1
Error: Module not found: Can't resolve '@/components/tier-calculator'
  2 | import { ArrowUpRight, ShieldCheck, Truck, UserRound, Boxes } from "lucide-react";
  3 | import { Button } from "@/components/ui/button";
> 4 | import { TierCalculator } from "@/components/tier-calculator";
    | ^^^^^^^^^^^^^^^^^^^^^^^^^^^^^^^^^^^^^^^^^^^^^^^^^^^^^^^^^^^^^^
  5 | import { ProductCard } from "@/components/product-card";
  6 | import { WhatsAppIcon } from "@/components/whatsapp-button";
  7 | import { categories, products, slug, stockByCategory } from "@/lib/catalog";

Import map: aliased to relative './src/components/tier-calculator' inside of [project]/

https://nextjs.org/docs/messages/module-not-found @ http://localhost:3000/_next/static/chunks/node_modules_next_dist_1gdrd03._.js:1817
[   10981ms] [ERROR] ./src/app/globals.css
Error: Error evaluating Node.js code
Error: Node.js subprocess crashed while evaluating loaders [postcss]: failed to receive message

Caused by:
- Node.js process exited with exit code: 0xc0000409
- reading packet length
- An existing connection was forcibly closed by the remote host. (os error 10054)

Import trace:
  Client Component Browser:
    ./src/app/globals.css [Client Component Browser]
    ./src/app/layout.tsx [Server Component] @ http://localhost:3000/_next/static/chunks/node_modules_next_dist_1gdrd03._.js:1817
[   10982ms] [ERROR] ./src/app/page.tsx:5:1
Error: Module not found: Can't resolve '@/components/product-card'
  3 | import { Button } from "@/components/ui/button";
  4 | import { TierCalculator } from "@/components/tier-calculator";
> 5 | import { ProductCard } from "@/components/product-card";
    | ^^^^^^^^^^^^^^^^^^^^^^^^^^^^^^^^^^^^^^^^^^^^^^^^^^^^^^^^
  6 | import { WhatsAppIcon } from "@/components/whatsapp-button";
  7 | import { categories, products, slug, stockByCategory } from "@/lib/catalog";
  8 | import { site, whatsappLink } from "@/lib/site";

Import map: aliased to relative './src/components/product-card' inside of [project]/

https://nextjs.org/docs/messages/module-not-found @ http://localhost:3000/_next/static/chunks/node_modules_next_dist_1gdrd03._.js:1817
[   10982ms] [ERROR] ./src/app/page.tsx:4:1
Error: Module not found: Can't resolve '@/components/tier-calculator'
  2 | import { ArrowUpRight, ShieldCheck, Truck, UserRound, Boxes } from "lucide-react";
  3 | import { Button } from "@/components/ui/button";
> 4 | import { TierCalculator } from "@/components/tier-calculator";
    | ^^^^^^^^^^^^^^^^^^^^^^^^^^^^^^^^^^^^^^^^^^^^^^^^^^^^^^^^^^^^^^
  5 | import { ProductCard } from "@/components/product-card";
  6 | import { WhatsAppIcon } from "@/components/whatsapp-button";
  7 | import { categories, products, slug, stockByCategory } from "@/lib/catalog";

Import map: aliased to relative './src/components/tier-calculator' inside of [project]/

https://nextjs.org/docs/messages/module-not-found @ http://localhost:3000/_next/static/chunks/node_modules_next_dist_1gdrd03._.js:1817
[   11054ms] [ERROR] ./src/app/globals.css
Error: Error evaluating Node.js code
Error: Node.js subprocess crashed while evaluating loaders [postcss]: failed to receive message

Caused by:
- Node.js process exited with exit code: 0xc0000409
- reading packet length
- An existing connection was forcibly closed by the remote host. (os error 10054)

Import trace:
  Client Component Browser:
    ./src/app/globals.css [Client Component Browser]
    ./src/app/layout.tsx [Server Component] @ http://localhost:3000/_next/static/chunks/node_modules_next_dist_1gdrd03._.js:1817
[   11055ms] [ERROR] ./src/app/page.tsx:5:1
Error: Module not found: Can't resolve '@/components/product-card'
  3 | import { Button } from "@/components/ui/button";
  4 | import { TierCalculator } from "@/components/tier-calculator";
> 5 | import { ProductCard } from "@/components/product-card";
    | ^^^^^^^^^^^^^^^^^^^^^^^^^^^^^^^^^^^^^^^^^^^^^^^^^^^^^^^^
  6 | import { WhatsAppIcon } from "@/components/whatsapp-button";
  7 | import { categories, products, slug, stockByCategory } from "@/lib/catalog";
  8 | import { site, whatsappLink } from "@/lib/site";

Import map: aliased to relative './src/components/product-card' inside of [project]/

https://nextjs.org/docs/messages/module-not-found @ http://localhost:3000/_next/static/chunks/node_modules_next_dist_1gdrd03._.js:1817
[   11055ms] [ERROR] ./src/app/page.tsx:4:1
Error: Module not found: Can't resolve '@/components/tier-calculator'
  2 | import { ArrowUpRight, ShieldCheck, Truck, UserRound, Boxes } from "lucide-react";
  3 | import { Button } from "@/components/ui/button";
> 4 | import { TierCalculator } from "@/components/tier-calculator";
    | ^^^^^^^^^^^^^^^^^^^^^^^^^^^^^^^^^^^^^^^^^^^^^^^^^^^^^^^^^^^^^^
  5 | import { ProductCard } from "@/components/product-card";
  6 | import { WhatsAppIcon } from "@/components/whatsapp-button";
  7 | import { categories, products, slug, stockByCategory } from "@/lib/catalog";

Import map: aliased to relative './src/components/tier-calculator' inside of [project]/

https://nextjs.org/docs/messages/module-not-found @ http://localhost:3000/_next/static/chunks/node_modules_next_dist_1gdrd03._.js:1817
[   21646ms] [ERROR] ./src/app/globals.css
Error: Error evaluating Node.js code
Error: Node.js subprocess crashed while evaluating loaders [postcss]: failed to receive message

Caused by:
- Node.js process exited with exit code: 0xc0000409
- reading packet length
- An existing connection was forcibly closed by the remote host. (os error 10054)

Import trace:
  Client Component Browser:
    ./src/app/globals.css [Client Component Browser]
    ./src/app/layout.tsx [Server Component] @ http://localhost:3000/_next/static/chunks/node_modules_next_dist_1gdrd03._.js:1817
[   21646ms] [ERROR] ./src/app/page.tsx:5:1
Error: Module not found: Can't resolve '@/components/product-card'
  3 | import { Button } from "@/components/ui/button";
  4 | import { TierCalculator } from "@/components/tier-calculator";
> 5 | import { ProductCard } from "@/components/product-card";
    | ^^^^^^^^^^^^^^^^^^^^^^^^^^^^^^^^^^^^^^^^^^^^^^^^^^^^^^^^
  6 | import { WhatsAppIcon } from "@/components/whatsapp-button";
  7 | import { categories, products, slug, stockByCategory } from "@/lib/catalog";
  8 | import { site, whatsappLink } from "@/lib/site";

Import map: aliased to relative './src/components/product-card' inside of [project]/

https://nextjs.org/docs/messages/module-not-found @ http://localhost:3000/_next/static/chunks/node_modules_next_dist_1gdrd03._.js:1817
[   21647ms] [ERROR] ./src/app/page.tsx:4:1
Error: Module not found: Can't resolve '@/components/tier-calculator'
  2 | import { ArrowUpRight, ShieldCheck, Truck, UserRound, Boxes } from "lucide-react";
  3 | import { Button } from "@/components/ui/button";
> 4 | import { TierCalculator } from "@/components/tier-calculator";
    | ^^^^^^^^^^^^^^^^^^^^^^^^^^^^^^^^^^^^^^^^^^^^^^^^^^^^^^^^^^^^^^
  5 | import { ProductCard } from "@/components/product-card";
  6 | import { WhatsAppIcon } from "@/components/whatsapp-button";
  7 | import { categories, products, slug, stockByCategory } from "@/lib/catalog";

Import map: aliased to relative './src/components/tier-calculator' inside of [project]/

https://nextjs.org/docs/messages/module-not-found @ http://localhost:3000/_next/static/chunks/node_modules_next_dist_1gdrd03._.js:1817
[   21753ms] [ERROR] ./src/app/globals.css
Error: Error evaluating Node.js code
Error: Node.js subprocess crashed while evaluating loaders [postcss]: failed to receive message

Caused by:
- Node.js process exited with exit code: 0xc0000409
- reading packet length
- An existing connection was forcibly closed by the remote host. (os error 10054)

Import trace:
  Client Component Browser:
    ./src/app/globals.css [Client Component Browser]
    ./src/app/layout.tsx [Server Component] @ http://localhost:3000/_next/static/chunks/node_modules_next_dist_1gdrd03._.js:1817
[   21754ms] [ERROR] ./src/app/page.tsx:5:1
Error: Module not found: Can't resolve '@/components/product-card'
  3 | import { Button } from "@/components/ui/button";
  4 | import { TierCalculator } from "@/components/tier-calculator";
> 5 | import { ProductCard } from "@/components/product-card";
    | ^^^^^^^^^^^^^^^^^^^^^^^^^^^^^^^^^^^^^^^^^^^^^^^^^^^^^^^^
  6 | import { WhatsAppIcon } from "@/components/whatsapp-button";
  7 | import { categories, products, slug, stockByCategory } from "@/lib/catalog";
  8 | import { site, whatsappLink } from "@/lib/site";

Import map: aliased to relative './src/components/product-card' inside of [project]/

https://nextjs.org/docs/messages/module-not-found @ http://localhost:3000/_next/static/chunks/node_modules_next_dist_1gdrd03._.js:1817
[   21754ms] [ERROR] ./src/app/page.tsx:4:1
Error: Module not found: Can't resolve '@/components/tier-calculator'
  2 | import { ArrowUpRight, ShieldCheck, Truck, UserRound, Boxes } from "lucide-react";
  3 | import { Button } from "@/components/ui/button";
> 4 | import { TierCalculator } from "@/components/tier-calculator";
    | ^^^^^^^^^^^^^^^^^^^^^^^^^^^^^^^^^^^^^^^^^^^^^^^^^^^^^^^^^^^^^^
  5 | import { ProductCard } from "@/components/product-card";
  6 | import { WhatsAppIcon } from "@/components/whatsapp-button";
  7 | import { categories, products, slug, stockByCategory } from "@/lib/catalog";

Import map: aliased to relative './src/components/tier-calculator' inside of [project]/

https://nextjs.org/docs/messages/module-not-found @ http://localhost:3000/_next/static/chunks/node_modules_next_dist_1gdrd03._.js:1817
[   21864ms] [LOG] [Fast Refresh] rebuilding @ http://localhost:3000/_next/static/chunks/node_modules_next_dist_1gdrd03._.js:756
[   22796ms] [ERROR] ./src/app/globals.css
Error: Error evaluating Node.js code
Error: Node.js subprocess crashed while evaluating loaders [postcss]: failed to receive message

Caused by:
- Node.js process exited with exit code: 0xc0000409
- reading packet length
- An existing connection was forcibly closed by the remote host. (os error 10054)

Import trace:
  Client Component Browser:
    ./src/app/globals.css [Client Component Browser]
    ./src/app/layout.tsx [Server Component] @ http://localhost:3000/_next/static/chunks/node_modules_next_dist_1gdrd03._.js:1817
[   22796ms] [ERROR] ./src/app/page.tsx:5:1
Error: Module not found: Can't resolve '@/components/product-card'
  3 | import { Button } from "@/components/ui/button";
  4 | import { TierCalculator } from "@/components/tier-calculator";
> 5 | import { ProductCard } from "@/components/product-card";
    | ^^^^^^^^^^^^^^^^^^^^^^^^^^^^^^^^^^^^^^^^^^^^^^^^^^^^^^^^
  6 | import { WhatsAppIcon } from "@/components/whatsapp-button";
  7 | import { categories, products, slug, stockByCategory } from "@/lib/catalog";
  8 | import { site, whatsappLink } from "@/lib/site";

Import map: aliased to relative './src/components/product-card' inside of [project]/

https://nextjs.org/docs/messages/module-not-found @ http://localhost:3000/_next/static/chunks/node_modules_next_dist_1gdrd03._.js:1817
[   22797ms] [ERROR] ./src/app/page.tsx:4:1
Error: Module not found: Can't resolve '@/components/tier-calculator'
  2 | import { ArrowUpRight, ShieldCheck, Truck, UserRound, Boxes } from "lucide-react";
  3 | import { Button } from "@/components/ui/button";
> 4 | import { TierCalculator } from "@/components/tier-calculator";
    | ^^^^^^^^^^^^^^^^^^^^^^^^^^^^^^^^^^^^^^^^^^^^^^^^^^^^^^^^^^^^^^
  5 | import { ProductCard } from "@/components/product-card";
  6 | import { WhatsAppIcon } from "@/components/whatsapp-button";
  7 | import { categories, products, slug, stockByCategory } from "@/lib/catalog";

Import map: aliased to relative './src/components/tier-calculator' inside of [project]/

https://nextjs.org/docs/messages/module-not-found @ http://localhost:3000/_next/static/chunks/node_modules_next_dist_1gdrd03._.js:1817
[   22898ms] [LOG] [Fast Refresh] rebuilding @ http://localhost:3000/_next/static/chunks/node_modules_next_dist_1gdrd03._.js:756
[   43375ms] [LOG] [Fast Refresh] rebuilding @ http://localhost:3000/_next/static/chunks/node_modules_next_dist_1gdrd03._.js:756
[   44951ms] [LOG] [Fast Refresh] done in 1677ms @ http://localhost:3000/_next/static/chunks/node_modules_next_dist_1gdrd03._.js:756
[   46649ms] [LOG] [Fast Refresh] rebuilding @ http://localhost:3000/_next/static/chunks/node_modules_next_dist_1gdrd03._.js:756
[   46785ms] [LOG] [Fast Refresh] done in 242ms @ http://localhost:3000/_next/static/chunks/node_modules_next_dist_1gdrd03._.js:756
[   47995ms] [ERROR] Failed to load resource: net::ERR_INSUFFICIENT_RESOURCES @ http://localhost:3000/_next/static/chunks/_1anvha4._.js:0
